// Jest Snapshot v1, https://goo.gl/fbAQLP

exports[`Form functions Renders component 1`] = `
<form
  onReset={[Function]}
  onSubmit={[Function]}
>
  <input
    name="input"
    onChange={[Function]}
    value=""
  />
  <select
    name="select"
    onChange={[Function]}
    value=""
  >
    <option
      onChange={[Function]}
      value="value1"
    >
      Value1
    </option>
    <option
      onChange={[Function]}
      value="value2"
    >
      Value2
    </option>
  </select>
  <select
    multiple={true}
    name="selectMultiple"
    onChange={[Function]}
    value={Array []}
  >
    <option
      onChange={[Function]}
      value="value1"
    >
      Value1
    </option>
    <option
      onChange={[Function]}
      value="value2"
    >
      Value2
    </option>
  </select>
  <input
    checked={false}
    name="radio"
    onChange={[Function]}
    type="radio"
    value="radio1"
  />
   Radio1
  <input
    checked={false}
    name="radio"
    onChange={[Function]}
    type="radio"
    value="radio2"
  />
   Radio2
  <input
    checked={false}
    name="checkbox1"
    onChange={[Function]}
    type="checkbox"
    value="checkbox1"
  />
   checkbox1
  <input
    checked={false}
    name="checkbox2"
    onChange={[Function]}
    type="checkbox"
    value="checkbox2"
  />
   checkbox2
  <button
    onChange={[Function]}
    type="submit"
    value=""
  >
    Submit
  </button>
</form>
`;
